I'm sorry, but errors were detected in your script. Please correct the
errors listed below, and try again.


File "game/chapters/chapter2.rpy", line 215: Line is indented, but the preceding say statement statement does not expect a block. Please check this line's indentation. You may have forgotten a colon (:).
    $ renpy.call_screen("scr_achievement_get", title="", a_text="Жизнь в коллективе", icon="GERB.png")
    ^

Ren'Py Version: Ren'Py 8.3.7.25031702
Mon May 26 18:24:12 2025
